Pos   Hex Data           Description or Code
------------------------------------------------------------------------
0000                     ** source chunk: closuretest.luc
                         ** global header start **
0000  1B4C7561           header signature: "\27Lua"
0004  51                 version (major:minor hex digits)
0005  00                 format (0=official)
0006  01                 endianness (1=little endian)
0007  04                 size of int (bytes)
0008  04                 size of size_t (bytes)
0009  04                 size of Instruction (bytes)
000A  08                 size of number (bytes)
000B  00                 integral (1=integral)
                         * number type: double
                         * x86 standard (32-bit, little endian, doubles)
                         ** global header end **
                         
000C                     ** function [0] definition (level 1)
                         ** start of function **
000C  00000000           string size (0)
                         source name: (none)
0010  00000000           line defined (0)
0014  00000000           last line defined (0)
0018  00                 nups (0)
0019  00                 numparams (0)
001A  02                 is_vararg (2)
001B  02                 maxstacksize (2)
                         * code:
001C  12000000           sizecode (18)
0020  24000000           [01] closure    0   0        ; 0 upvalues
0024  07000000           [02] setglobal  0   0        ; newCounter
0028  05000000           [03] getglobal  0   0        ; newCounter
002C  1C808000           [04] call       0   1   2  
0030  07400000           [05] setglobal  0   1        ; c1
0034  05800000           [06] getglobal  0   2        ; print
0038  45400000           [07] getglobal  1   1        ; c1
003C  5C008000           [08] call       1   1   0  
0040  1C400000           [09] call       0   0   1  
0044  05800000           [10] getglobal  0   2        ; print
0048  45400000           [11] getglobal  1   1        ; c1
004C  5C008000           [12] call       1   1   0  
0050  1C400000           [13] call       0   0   1  
0054  05800000           [14] getglobal  0   2        ; print
0058  45400000           [15] getglobal  1   1        ; c1
005C  5C008000           [16] call       1   1   0  
0060  1C400000           [17] call       0   0   1  
0064  1E008000           [18] return     0   1      
                         * constants:
0068  03000000           sizek (3)
006C  04                 const type 4
006D  0B000000           string size (11)
0071  6E6577436F756E74+  "newCount"
0079  657200             "er\0"
                         const [0]: "newCounter"
007C  04                 const type 4
007D  03000000           string size (3)
0081  633100             "c1\0"
                         const [1]: "c1"
0084  04                 const type 4
0085  06000000           string size (6)
0089  7072696E7400       "print\0"
                         const [2]: "print"
                         * functions:
008F  01000000           sizep (1)
                         
0093                     ** function [0] definition (level 2)
                         ** start of function **
0093  00000000           string size (0)
                         source name: (none)
0097  01000000           line defined (1)
009B  07000000           last line defined (7)
009F  00                 nups (0)
00A0  00                 numparams (0)
00A1  00                 is_vararg (0)
00A2  02                 maxstacksize (2)
                         * code:
00A3  05000000           sizecode (5)
00A7  01000000           [1] loadk      0   0        ; 0
00AB  64000000           [2] closure    1   0        ; 1 upvalues
00AF  00000000           [3] move       0   0      
00B3  5E000001           [4] return     1   2      
00B7  1E008000           [5] return     0   1      
                         * constants:
00BB  01000000           sizek (1)
00BF  03                 const type 3
00C0  0000000000000000   const [0]: (0)
                         * functions:
00C8  01000000           sizep (1)
                         
00CC                     ** function [0] definition (level 3)
                         ** start of function **
00CC  00000000           string size (0)
                         source name: (none)
00D0  03000000           line defined (3)
00D4  06000000           last line defined (6)
00D8  01                 nups (1)
00D9  00                 numparams (0)
00DA  00                 is_vararg (0)
00DB  02                 maxstacksize (2)
                         * code:
00DC  06000000           sizecode (6)
00E0  04000000           [1] getupval   0   0      
00E4  0C004000           [2] add        0   0   256  ; 1
00E8  08000000           [3] setupval   0   0      
00EC  04000000           [4] getupval   0   0      
00F0  1E000001           [5] return     0   2      
00F4  1E008000           [6] return     0   1      
                         * constants:
00F8  01000000           sizek (1)
00FC  03                 const type 3
00FD  000000000000F03F   const [0]: (1)
                         * functions:
0105  00000000           sizep (0)
                         * lines:
0109  00000000           sizelineinfo (0)
                         [pc] (line)
                         * locals:
010D  00000000           sizelocvars (0)
                         * upvalues:
0111  00000000           sizeupvalues (0)
                         ** end of function **

                         * lines:
0115  00000000           sizelineinfo (0)
                         [pc] (line)
                         * locals:
0119  00000000           sizelocvars (0)
                         * upvalues:
011D  00000000           sizeupvalues (0)
                         ** end of function **

                         * lines:
0121  00000000           sizelineinfo (0)
                         [pc] (line)
                         * locals:
0125  00000000           sizelocvars (0)
                         * upvalues:
0129  00000000           sizeupvalues (0)
                         ** end of function **

012D                     ** end of chunk **
